
> portfolio@0.0.1 build
> astro build

21:59:30 [@astrojs/node] Enabling sessions with filesystem storage
21:59:30 [content] Syncing content
21:59:30 [content] Synced content
21:59:30 [types] Generated 18ms
21:59:30 [build] output: "server"
21:59:30 [build] mode: "server"
21:59:30 [build] directory: /home/antoni/Escritorio/Personal/Portafolio/dist/
21:59:30 [build] adapter: @astrojs/node
21:59:30 [build] Collecting build info...
21:59:30 [build] ✓ Completed in 33ms.
21:59:30 [build] Building server entrypoints...
21:59:31 [vite] ✓ built in 607ms
21:59:31 [build] ✓ Completed in 630ms.

 building client (vite) 
21:59:31 [vite] transforming...
21:59:32 [vite] ✓ 2158 modules transformed.
21:59:32 [vite] rendering chunks...
21:59:32 [vite] computing gzip size...
21:59:32 [vite] dist/client/_astro/index.Cm8ke0I4.css              9.63 kB │ gzip:  2.09 kB
21:59:32 [vite] dist/client/_astro/jsx-runtime.D_zvdyIk.js         0.73 kB │ gzip:  0.46 kB
21:59:32 [vite] dist/client/_astro/createLucideIcon.BUizcrss.js    1.86 kB │ gzip:  0.80 kB
21:59:32 [vite] dist/client/_astro/LatestJob.KhoPypQr.js           2.11 kB │ gzip:  0.92 kB
21:59:32 [vite] dist/client/_astro/Services.BAeUujv5.js            3.46 kB │ gzip:  1.36 kB
21:59:32 [vite] dist/client/_astro/Footer.FwSqOo60.js              3.52 kB │ gzip:  1.57 kB
21:59:32 [vite] dist/client/_astro/index.DmQmbRI4.js               3.82 kB │ gzip:  1.80 kB
21:59:32 [vite] dist/client/_astro/index.DbQ44s1q.js               3.89 kB │ gzip:  1.52 kB
21:59:32 [vite] dist/client/_astro/MyProjects.BXghxOue.js          4.49 kB │ gzip:  1.74 kB
21:59:32 [vite] dist/client/_astro/About.DwZeyGel.js               5.17 kB │ gzip:  1.65 kB
21:59:32 [vite] dist/client/_astro/index.JXKNaeUN.js               7.98 kB │ gzip:  3.10 kB
21:59:32 [vite] dist/client/_astro/AdminDashboard.CLCn6MU2.js     60.60 kB │ gzip: 15.20 kB
21:59:32 [vite] dist/client/_astro/index.CrwREy15.js              77.59 kB │ gzip: 30.21 kB
21:59:32 [vite] dist/client/_astro/ProyectCarrousel.CejK3YED.js  101.05 kB │ gzip: 30.97 kB
21:59:32 [vite] dist/client/_astro/proxy.BkugbE8K.js             115.50 kB │ gzip: 37.89 kB
21:59:32 [vite] dist/client/_astro/client.BAYO3tSc.js            182.74 kB │ gzip: 57.61 kB
21:59:32 [vite] ✓ built in 1.52s

 prerendering static routes 
21:59:32 ▶ src/pages/admin.astro
21:59:32   └─ /admin/index.html (+5ms) 
21:59:33 ▶ src/pages/index.astro
21:59:33   └─ /index.html (+19ms) 
21:59:33 ✓ Completed in 264ms.

21:59:33 [build] Rearranging server assets...
21:59:33 [build] Server built in 2.46s
21:59:33 [build] Complete!
