
> portfolio@0.0.1 build
> astro build

21:38:37 [@astrojs/node] Enabling sessions with filesystem storage
21:38:37 [content] Syncing content
21:38:37 [content] Synced content
21:38:37 [types] Generated 28ms
21:38:37 [build] output: "server"
21:38:37 [build] mode: "server"
21:38:37 [build] directory: /home/antoni/Escritorio/Personal/Portafolio/dist/
21:38:37 [build] adapter: @astrojs/node
21:38:37 [build] Collecting build info...
21:38:37 [build] ✓ Completed in 43ms.
21:38:37 [build] Building server entrypoints...
21:38:38 [vite] ✓ built in 884ms
21:38:38 [build] ✓ Completed in 915ms.

 building client (vite) 
21:38:38 [vite] transforming...
21:38:40 [vite] ✓ 2157 modules transformed.
21:38:40 [vite] rendering chunks...
21:38:40 [vite] computing gzip size...
21:38:40 [vite] dist/client/_astro/index.Cm8ke0I4.css              9.63 kB │ gzip:  2.09 kB
21:38:40 [vite] dist/client/_astro/jsx-runtime.D_zvdyIk.js         0.73 kB │ gzip:  0.46 kB
21:38:40 [vite] dist/client/_astro/createLucideIcon.BUizcrss.js    1.86 kB │ gzip:  0.80 kB
21:38:40 [vite] dist/client/_astro/LatestJob.DqyHEJQc.js           2.11 kB │ gzip:  0.92 kB
21:38:40 [vite] dist/client/_astro/Footer.BOE4yXSm.js              3.09 kB │ gzip:  1.36 kB
21:38:40 [vite] dist/client/_astro/Services.v6GZyrDp.js            3.46 kB │ gzip:  1.36 kB
21:38:40 [vite] dist/client/_astro/index.BToS4dcK.js               3.82 kB │ gzip:  1.81 kB
21:38:40 [vite] dist/client/_astro/index.DbQ44s1q.js               3.89 kB │ gzip:  1.52 kB
21:38:40 [vite] dist/client/_astro/MyProjects.Bo9ZzUaq.js          4.49 kB │ gzip:  1.74 kB
21:38:40 [vite] dist/client/_astro/About.9ukISpax.js               5.17 kB │ gzip:  1.65 kB
21:38:40 [vite] dist/client/_astro/index.JXKNaeUN.js               7.98 kB │ gzip:  3.10 kB
21:38:40 [vite] dist/client/_astro/AdminDashboard.DbidtZI2.js     57.45 kB │ gzip: 14.86 kB
21:38:40 [vite] dist/client/_astro/index.BProCMWF.js              77.52 kB │ gzip: 30.16 kB
21:38:40 [vite] dist/client/_astro/ProyectCarrousel.CejK3YED.js  101.05 kB │ gzip: 30.97 kB
21:38:40 [vite] dist/client/_astro/proxy.WjX4fdfM.js             115.09 kB │ gzip: 37.78 kB
21:38:40 [vite] dist/client/_astro/client.BAYO3tSc.js            182.74 kB │ gzip: 57.61 kB
21:38:40 [vite] ✓ built in 2.40s

 prerendering static routes 
21:38:40 ▶ src/pages/admin.astro
21:38:40   └─ /admin/index.html (+8ms) 
21:38:40 ▶ src/pages/index.astro
21:38:40   └─ /index.html (+30ms) 
21:38:40 ✓ Completed in 447ms.

21:38:40 [build] Rearranging server assets...
21:38:40 [build] Server built in 3.82s
21:38:40 [build] Complete!
