
> portfolio@0.0.1 build
> astro build

21:41:29 [@astrojs/node] Enabling sessions with filesystem storage
21:41:29 [content] Syncing content
21:41:29 [content] Synced content
21:41:29 [types] Generated 20ms
21:41:29 [build] output: "server"
21:41:29 [build] mode: "server"
21:41:29 [build] directory: /home/antoni/Escritorio/Personal/Portafolio/dist/
21:41:29 [build] adapter: @astrojs/node
21:41:29 [build] Collecting build info...
21:41:29 [build] ✓ Completed in 33ms.
21:41:29 [build] Building server entrypoints...
21:41:30 [vite] ✓ built in 628ms
21:41:30 [build] ✓ Completed in 651ms.

 building client (vite) 
21:41:30 [vite] transforming...
21:41:31 [vite] ✓ 2157 modules transformed.
21:41:31 [vite] rendering chunks...
21:41:31 [vite] computing gzip size...
21:41:31 [vite] dist/client/_astro/index.Cm8ke0I4.css              9.63 kB │ gzip:  2.09 kB
21:41:31 [vite] dist/client/_astro/jsx-runtime.D_zvdyIk.js         0.73 kB │ gzip:  0.46 kB
21:41:31 [vite] dist/client/_astro/createLucideIcon.BUizcrss.js    1.86 kB │ gzip:  0.80 kB
21:41:31 [vite] dist/client/_astro/LatestJob.DqyHEJQc.js           2.11 kB │ gzip:  0.92 kB
21:41:31 [vite] dist/client/_astro/Services.v6GZyrDp.js            3.46 kB │ gzip:  1.36 kB
21:41:31 [vite] dist/client/_astro/Footer.DfNSG0w8.js              3.52 kB │ gzip:  1.57 kB
21:41:31 [vite] dist/client/_astro/index.BToS4dcK.js               3.82 kB │ gzip:  1.81 kB
21:41:31 [vite] dist/client/_astro/index.DbQ44s1q.js               3.89 kB │ gzip:  1.52 kB
21:41:31 [vite] dist/client/_astro/MyProjects.Bo9ZzUaq.js          4.49 kB │ gzip:  1.74 kB
21:41:31 [vite] dist/client/_astro/About.9ukISpax.js               5.17 kB │ gzip:  1.65 kB
21:41:31 [vite] dist/client/_astro/index.JXKNaeUN.js               7.98 kB │ gzip:  3.10 kB
21:41:31 [vite] dist/client/_astro/AdminDashboard.DbidtZI2.js     57.45 kB │ gzip: 14.86 kB
21:41:31 [vite] dist/client/_astro/index.BProCMWF.js              77.52 kB │ gzip: 30.16 kB
21:41:31 [vite] dist/client/_astro/ProyectCarrousel.CejK3YED.js  101.05 kB │ gzip: 30.97 kB
21:41:31 [vite] dist/client/_astro/proxy.WjX4fdfM.js             115.09 kB │ gzip: 37.78 kB
21:41:31 [vite] dist/client/_astro/client.BAYO3tSc.js            182.74 kB │ gzip: 57.61 kB
21:41:31 [vite] ✓ built in 1.53s

 prerendering static routes 
21:41:31 ▶ src/pages/admin.astro
21:41:31   └─ /admin/index.html (+5ms) 
21:41:31 ▶ src/pages/index.astro
21:41:31   └─ /index.html (+22ms) 
21:41:31 ✓ Completed in 284ms.

21:41:31 [build] Rearranging server assets...
21:41:31 [build] Server built in 2.51s
21:41:31 [build] Complete!
