
> portfolio@0.0.1 build
> astro build

22:26:19 [@astrojs/node] Enabling sessions with filesystem storage
22:26:20 [vite] Re-optimizing dependencies because lockfile has changed
22:26:20 [content] Syncing content
22:26:20 [content] Synced content
22:26:20 [types] Generated 258ms
22:26:20 [build] output: "server"
22:26:20 [build] mode: "server"
22:26:20 [build] directory: /home/antoni/Escritorio/Personal/Portafolio/dist/
22:26:20 [build] adapter: @astrojs/node
22:26:20 [build] Collecting build info...
22:26:20 [build] ✓ Completed in 292ms.
22:26:20 [build] Building server entrypoints...
22:26:22 [vite] ✓ built in 2.01s
22:26:22 [build] ✓ Completed in 2.08s.

 building client (vite) 
22:26:22 [vite] transforming...
22:26:27 [vite] ✓ 2172 modules transformed.
22:26:27 [vite] rendering chunks...
22:26:27 [vite] computing gzip size...
22:26:27 [vite] dist/client/_astro/index.Cm8ke0I4.css              9.63 kB │ gzip:  2.09 kB
22:26:27 [vite] dist/client/_astro/jsx-runtime.D_zvdyIk.js         0.73 kB │ gzip:  0.46 kB
22:26:27 [vite] dist/client/_astro/languageStore.CogVT8SD.js       0.97 kB │ gzip:  0.56 kB
22:26:27 [vite] dist/client/_astro/createLucideIcon.BUizcrss.js    1.86 kB │ gzip:  0.80 kB
22:26:27 [vite] dist/client/_astro/LatestJob.DNubO91T.js           2.30 kB │ gzip:  1.03 kB
22:26:27 [vite] dist/client/_astro/Services.FSLmxFUu.js            3.75 kB │ gzip:  1.50 kB
22:26:27 [vite] dist/client/_astro/index.BToS4dcK.js               3.82 kB │ gzip:  1.81 kB
22:26:27 [vite] dist/client/_astro/index.DbQ44s1q.js               3.89 kB │ gzip:  1.52 kB
22:26:27 [vite] dist/client/_astro/Footer.dpeGm-R2.js              3.98 kB │ gzip:  1.79 kB
22:26:27 [vite] dist/client/_astro/MyProjects.CJlrPTya.js          4.89 kB │ gzip:  1.95 kB
22:26:27 [vite] dist/client/_astro/About.unKKALtp.js               5.31 kB │ gzip:  1.73 kB
22:26:27 [vite] dist/client/_astro/index.JXKNaeUN.js               7.98 kB │ gzip:  3.10 kB
22:26:27 [vite] dist/client/_astro/AdminDashboard.D1FaCpfU.js     60.60 kB │ gzip: 15.20 kB
22:26:27 [vite] dist/client/_astro/index.BqW-fed6.js              78.01 kB │ gzip: 30.36 kB
22:26:27 [vite] dist/client/_astro/ProyectCarrousel.CejK3YED.js  101.05 kB │ gzip: 30.97 kB
22:26:27 [vite] dist/client/_astro/proxy.WjX4fdfM.js             115.09 kB │ gzip: 37.78 kB
22:26:27 [vite] dist/client/_astro/client.BAYO3tSc.js            182.74 kB │ gzip: 57.61 kB
22:26:27 [vite] ✓ built in 5.51s

 prerendering static routes 
22:26:27 ▶ src/pages/admin.astro
22:26:27   └─ /admin/index.html (+16ms) 
22:26:28 ▶ src/pages/index.astro
22:26:28   └─ /index.html (+62ms) 
22:26:28 ✓ Completed in 827ms.

22:26:28 [build] Rearranging server assets...
22:26:28 [build] Server built in 8.75s
22:26:28 [build] Complete!
