
> portfolio@0.0.1 build
> astro build

21:44:32 [@astrojs/node] Enabling sessions with filesystem storage
21:44:32 [content] Syncing content
21:44:32 [content] Synced content
21:44:32 [types] Generated 26ms
21:44:32 [build] output: "server"
21:44:32 [build] mode: "server"
21:44:32 [build] directory: /home/antoni/Escritorio/Personal/Portafolio/dist/
21:44:32 [build] adapter: @astrojs/node
21:44:32 [build] Collecting build info...
21:44:32 [build] ✓ Completed in 46ms.
21:44:32 [build] Building server entrypoints...
21:44:33 [vite] ✓ built in 846ms
21:44:33 [build] ✓ Completed in 878ms.

 building client (vite) 
21:44:33 [vite] transforming...
21:44:35 [vite] ✓ 2157 modules transformed.
21:44:35 [vite] rendering chunks...
21:44:36 [vite] computing gzip size...
21:44:36 [vite] dist/client/_astro/index.Cm8ke0I4.css              9.63 kB │ gzip:  2.09 kB
21:44:36 [vite] dist/client/_astro/jsx-runtime.D_zvdyIk.js         0.73 kB │ gzip:  0.46 kB
21:44:36 [vite] dist/client/_astro/createLucideIcon.BUizcrss.js    1.86 kB │ gzip:  0.80 kB
21:44:36 [vite] dist/client/_astro/LatestJob.DqyHEJQc.js           2.11 kB │ gzip:  0.92 kB
21:44:36 [vite] dist/client/_astro/Services.v6GZyrDp.js            3.46 kB │ gzip:  1.36 kB
21:44:36 [vite] dist/client/_astro/Footer.DfNSG0w8.js              3.52 kB │ gzip:  1.57 kB
21:44:36 [vite] dist/client/_astro/index.BToS4dcK.js               3.82 kB │ gzip:  1.81 kB
21:44:36 [vite] dist/client/_astro/index.DbQ44s1q.js               3.89 kB │ gzip:  1.52 kB
21:44:36 [vite] dist/client/_astro/MyProjects.Bo9ZzUaq.js          4.49 kB │ gzip:  1.74 kB
21:44:36 [vite] dist/client/_astro/About.9ukISpax.js               5.17 kB │ gzip:  1.65 kB
21:44:36 [vite] dist/client/_astro/index.JXKNaeUN.js               7.98 kB │ gzip:  3.10 kB
21:44:36 [vite] dist/client/_astro/AdminDashboard.DbidtZI2.js     57.45 kB │ gzip: 14.86 kB
21:44:36 [vite] dist/client/_astro/index.CrwREy15.js              77.59 kB │ gzip: 30.21 kB
21:44:36 [vite] dist/client/_astro/ProyectCarrousel.CejK3YED.js  101.05 kB │ gzip: 30.97 kB
21:44:36 [vite] dist/client/_astro/proxy.WjX4fdfM.js             115.09 kB │ gzip: 37.78 kB
21:44:36 [vite] dist/client/_astro/client.BAYO3tSc.js            182.74 kB │ gzip: 57.61 kB
21:44:36 [vite] ✓ built in 2.36s

 prerendering static routes 
21:44:36 ▶ src/pages/admin.astro
21:44:36   └─ /admin/index.html (+10ms) 
21:44:36 ▶ src/pages/index.astro
21:44:36   └─ /index.html (+29ms) 
21:44:36 ✓ Completed in 439ms.

21:44:36 [build] Rearranging server assets...
21:44:36 [build] Server built in 3.74s
21:44:36 [build] Complete!
