
> portfolio@0.0.1 build
> astro build

20:36:27 [@astrojs/node] Enabling sessions with filesystem storage
20:36:27 [vite] Re-optimizing dependencies because lockfile has changed
20:36:28 [content] Syncing content
20:36:28 [content] Astro config changed
20:36:28 [content] Clearing content store
20:36:28 [content] Synced content
20:36:28 [types] Generated 732ms
20:36:28 [build] output: "server"
20:36:28 [build] mode: "server"
20:36:28 [build] directory: /home/antoni/Escritorio/Personal/Portafolio/dist/
20:36:28 [build] adapter: @astrojs/node
20:36:28 [build] Collecting build info...
20:36:28 [build] ✓ Completed in 788ms.
20:36:28 [build] Building server entrypoints...
20:36:33 [vite] ✓ built in 4.65s
20:36:33 [build] ✓ Completed in 4.89s.

 building client (vite) 
20:36:33 [vite] transforming...
20:36:45 [vite] ✓ 2160 modules transformed.
20:36:45 [vite] rendering chunks...
20:36:46 [vite] computing gzip size...
20:36:46 [vite] dist/client/_astro/mockImg.BSAGV6-S.png            0.75 kB
20:36:46 [vite] dist/client/_astro/arrow.D5foimS6.png             11.38 kB
20:36:46 [vite] dist/client/_astro/img10.BwMUl2lW.png            591.20 kB
20:36:46 [vite] dist/client/_astro/index.Cm8ke0I4.css              9.63 kB │ gzip:  2.09 kB
20:36:46 [vite] dist/client/_astro/jsx-runtime.D_zvdyIk.js         0.73 kB │ gzip:  0.46 kB
20:36:46 [vite] dist/client/_astro/LatestJob.D2sPe28A.js           2.08 kB │ gzip:  0.91 kB
20:36:46 [vite] dist/client/_astro/Footer.BjCT-kaa.js              2.92 kB │ gzip:  1.31 kB
20:36:46 [vite] dist/client/_astro/Services.nLCwSVeB.js            3.39 kB │ gzip:  1.33 kB
20:36:46 [vite] dist/client/_astro/index.BToS4dcK.js               3.82 kB │ gzip:  1.81 kB
20:36:46 [vite] dist/client/_astro/index.DbQ44s1q.js               3.89 kB │ gzip:  1.52 kB
20:36:46 [vite] dist/client/_astro/MyProjects.11NEVj1S.js          4.30 kB │ gzip:  1.67 kB
20:36:46 [vite] dist/client/_astro/About.bn0uoBHu.js               5.06 kB │ gzip:  1.62 kB
20:36:46 [vite] dist/client/_astro/index.JXKNaeUN.js               7.98 kB │ gzip:  3.10 kB
20:36:46 [vite] dist/client/_astro/AdminDashboard.Dt0LUmL-.js     59.22 kB │ gzip: 15.35 kB
20:36:46 [vite] dist/client/_astro/index.B-s8vtxC.js              75.83 kB │ gzip: 29.61 kB
20:36:46 [vite] dist/client/_astro/ProyectCarrousel.CR-rofbM.js  101.06 kB │ gzip: 31.00 kB
20:36:46 [vite] dist/client/_astro/proxy.WjX4fdfM.js             115.09 kB │ gzip: 37.78 kB
20:36:46 [vite] dist/client/_astro/client.BAYO3tSc.js            182.74 kB │ gzip: 57.61 kB
20:36:46 [vite] ✓ built in 12.92s

 prerendering static routes 
20:36:46 ▶ src/pages/admin.astro
20:36:46   └─ /admin/index.html (+22ms) 
20:36:47 ▶ src/pages/index.astro
20:36:47   └─ /index.html (+93ms) 
20:36:47 ✓ Completed in 1.53s.

20:36:47 [build] Rearranging server assets...
20:36:47 [build] Server built in 20.20s
20:36:47 [build] Complete!
